./tst_probe: tests/tmp/swap0.img.15707 has an unsupported type
